[INFO] Scanning for projects...
[INFO] 
[INFO] ----------------------< com.prashanth:dashboard >-----------------------
[INFO] Building dashboard 0.0.1-SNAPSHOT
[INFO]   from pom.xml
[INFO] --------------------------------[ jar ]---------------------------------
[INFO] 
[INFO] --- resources:3.3.1:resources (default-resources) @ dashboard ---
[INFO] Copying 1 resource from src\main\resources to target\classes
[INFO] Copying 11 resources from src\main\resources to target\classes
[INFO] 
[INFO] --- compiler:3.13.0:compile (default-compile) @ dashboard ---
[INFO] Recompiling the module because of changed source code.
[INFO] Compiling 42 source files with javac [debug parameters release 17] to target\classes
[INFO] -------------------------------------------------------------
[ERROR] COMPILATION ERROR : 
[INFO] -------------------------------------------------------------
[ERROR] /C:/Users/sowja/internship/dashboard/src/main/java/com/prashanth/dashboard/controller/IncidentController.java:[51,65] cannot find symbol
  symbol:   class StatusCount
  location: class com.prashanth.dashboard.dto.IncidentStatusDTO
[INFO] 1 error
[INFO] -------------------------------------------------------------
[INFO] ------------------------------------------------------------------------
[INFO] BUILD FAILURE
[INFO] ------------------------------------------------------------------------
[INFO] Total time:  4.085 s
[INFO] Finished at: 2026-07-22T17:36:13+05:30
[INFO] ------------------------------------------------------------------------
[ERROR] Failed to execute goal org.apache.maven.plugins:maven-compiler-plugin:3.13.0:compile (default-compile) on project dashboard: Compilation failure
[ERROR] /C:/Users/sowja/internship/dashboard/src/main/java/com/prashanth/dashboard/controller/IncidentController.java:[51,65] cannot find symbol
[ERROR]   symbol:   class StatusCount
[ERROR]   location: class com.prashanth.dashboard.dto.IncidentStatusDTO
[ERROR] 
[ERROR] -> [Help 1]
[ERROR] 
[ERROR] To see the full stack trace of the errors, re-run Maven with the -e switch.
[ERROR] Re-run Maven using the -X switch to enable full debug logging.
[ERROR] 
[ERROR] For more information about the errors and possible solutions, please read the following articles:
[ERROR] [Help 1] http://cwiki.apache.org/confluence/display/MAVEN/MojoFailureException
