[INFO] Scanning for projects...
[INFO] 
[INFO] ----------------------< com.prashanth:dashboard >-----------------------
[INFO] Building dashboard 0.0.1-SNAPSHOT
[INFO]   from pom.xml
[INFO] --------------------------------[ jar ]---------------------------------
[INFO] 
[INFO] --- resources:3.3.1:resources (default-resources) @ dashboard ---
[INFO] Copying 1 resource from src\main\resources to target\classes
[INFO] Copying 11 resources from src\main\resources to target\classes
[INFO] 
[INFO] --- compiler:3.13.0:compile (default-compile) @ dashboard ---
[INFO] Recompiling the module because of changed source code.
[INFO] Compiling 42 source files with javac [debug parameters release 17] to target\classes
[INFO] -------------------------------------------------------------
[ERROR] COMPILATION ERROR : 
[INFO] -------------------------------------------------------------
[ERROR] /C:/Users/sowja/internship/dashboard/src/main/java/com/prashanth/dashboard/controller/DashboardApiController.java:[65,96] incompatible types: java.util.List<com.prashanth.dashboard.dto.StatusCount> cannot be converted to java.util.List<com.prashanth.dashboard.dto.IncidentStatusDTO.StatusCount>
[ERROR] /C:/Users/sowja/internship/dashboard/src/main/java/com/prashanth/dashboard/controller/DashboardApiController.java:[74,102] incompatible types: java.util.List<com.prashanth.dashboard.dto.SeverityCount> cannot be converted to java.util.List<com.prashanth.dashboard.dto.IncidentSeverityDTO.SeverityCount>
[ERROR] /C:/Users/sowja/internship/dashboard/src/main/java/com/prashanth/dashboard/controller/DashboardApiController.java:[84,86] incompatible types: java.util.List<com.prashanth.dashboard.dto.TrendPoint> cannot be converted to java.util.List<com.prashanth.dashboard.dto.IncidentTrendDTO.TrendPoint>
[ERROR] /C:/Users/sowja/internship/dashboard/src/main/java/com/prashanth/dashboard/service/IncidentService.java:[65,54] incompatible types: java.util.List<com.prashanth.dashboard.dto.StatusCount> cannot be converted to java.util.List<com.prashanth.dashboard.dto.IncidentStatusDTO.StatusCount>
[INFO] 4 errors 
[INFO] -------------------------------------------------------------
[INFO] ------------------------------------------------------------------------
[INFO] BUILD FAILURE
[INFO] ------------------------------------------------------------------------
[INFO] Total time:  9.211 s
[INFO] Finished at: 2026-07-22T17:33:46+05:30
[INFO] ------------------------------------------------------------------------
[ERROR] Failed to execute goal org.apache.maven.plugins:maven-compiler-plugin:3.13.0:compile (default-compile) on project dashboard: Compilation failure: Compilation failure: 
[ERROR] /C:/Users/sowja/internship/dashboard/src/main/java/com/prashanth/dashboard/controller/DashboardApiController.java:[65,96] incompatible types: java.util.List<com.prashanth.dashboard.dto.StatusCount> cannot be converted to java.util.List<com.prashanth.dashboard.dto.IncidentStatusDTO.StatusCount>
[ERROR] /C:/Users/sowja/internship/dashboard/src/main/java/com/prashanth/dashboard/controller/DashboardApiController.java:[74,102] incompatible types: java.util.List<com.prashanth.dashboard.dto.SeverityCount> cannot be converted to java.util.List<com.prashanth.dashboard.dto.IncidentSeverityDTO.SeverityCount>
[ERROR] /C:/Users/sowja/internship/dashboard/src/main/java/com/prashanth/dashboard/controller/DashboardApiController.java:[84,86] incompatible types: java.util.List<com.prashanth.dashboard.dto.TrendPoint> cannot be converted to java.util.List<com.prashanth.dashboard.dto.IncidentTrendDTO.TrendPoint>
[ERROR] /C:/Users/sowja/internship/dashboard/src/main/java/com/prashanth/dashboard/service/IncidentService.java:[65,54] incompatible types: java.util.List<com.prashanth.dashboard.dto.StatusCount> cannot be converted to java.util.List<com.prashanth.dashboard.dto.IncidentStatusDTO.StatusCount>
[ERROR] -> [Help 1]
[ERROR] 
[ERROR] To see the full stack trace of the errors, re-run Maven with the -e switch.
[ERROR] Re-run Maven using the -X switch to enable full debug logging.
[ERROR] 
[ERROR] For more information about the errors and possible solutions, please read the following articles:
[ERROR] [Help 1] http://cwiki.apache.org/confluence/display/MAVEN/MojoFailureException
